Archive member included to satisfy reference by file (symbol)

/opt/st/stm32cubeide_1.19.0/plugins/com.st.stm32cube.ide.mcu.externaltools.gnu-tools-for-stm32.13.3.rel1.linux64_1.0.0.202410170706/tools/bin/../lib/gcc/arm-none-eabi/13.3.1/../../../../arm-none-eabi/lib/thumb/v7e-m/nofp/libc_nano.a(libc_a-exit.o)
                              /opt/st/stm32cubeide_1.19.0/plugins/com.st.stm32cube.ide.mcu.externaltools.gnu-tools-for-stm32.13.3.rel1.linux64_1.0.0.202410170706/tools/bin/../lib/gcc/arm-none-eabi/13.3.1/../../../../arm-none-eabi/lib/thumb/v7e-m/nofp/crt0.o (exit)
/opt/st/stm32cubeide_1.19.0/plugins/com.st.stm32cube.ide.mcu.externaltools.gnu-tools-for-stm32.13.3.rel1.linux64_1.0.0.202410170706/tools/bin/../lib/gcc/arm-none-eabi/13.3.1/../../../../arm-none-eabi/lib/thumb/v7e-m/nofp/libc_nano.a(libc_a-findfp.o)
                              /opt/st/stm32cubeide_1.19.0/plugins/com.st.stm32cube.ide.mcu.externaltools.gnu-tools-for-stm32.13.3.rel1.linux64_1.0.0.202410170706/tools/bin/../lib/gcc/arm-none-eabi/13.3.1/../../../../arm-none-eabi/lib/thumb/v7e-m/nofp/libc_nano.a(libc_a-exit.o) (__stdio_exit_handler)
/opt/st/stm32cubeide_1.19.0/plugins/com.st.stm32cube.ide.mcu.externaltools.gnu-tools-for-stm32.13.3.rel1.linux64_1.0.0.202410170706/tools/bin/../lib/gcc/arm-none-eabi/13.3.1/../../../../arm-none-eabi/lib/thumb/v7e-m/nofp/libc_nano.a(libc_a-fwalk.o)
                              /opt/st/stm32cubeide_1.19.0/plugins/com.st.stm32cube.ide.mcu.externaltools.gnu-tools-for-stm32.13.3.rel1.linux64_1.0.0.202410170706/tools/bin/../lib/gcc/arm-none-eabi/13.3.1/../../../../arm-none-eabi/lib/thumb/v7e-m/nofp/libc_nano.a(libc_a-findfp.o) (_fwalk_sglue)
/opt/st/stm32cubeide_1.19.0/plugins/com.st.stm32cube.ide.mcu.externaltools.gnu-tools-for-stm32.13.3.rel1.linux64_1.0.0.202410170706/tools/bin/../lib/gcc/arm-none-eabi/13.3.1/../../../../arm-none-eabi/lib/thumb/v7e-m/nofp/libc_nano.a(libc_a-stdio.o)
                              /opt/st/stm32cubeide_1.19.0/plugins/com.st.stm32cube.ide.mcu.externaltools.gnu-tools-for-stm32.13.3.rel1.linux64_1.0.0.202410170706/tools/bin/../lib/gcc/arm-none-eabi/13.3.1/../../../../arm-none-eabi/lib/thumb/v7e-m/nofp/libc_nano.a(libc_a-findfp.o) (__sread)
/opt/st/stm32cubeide_1.19.0/plugins/com.st.stm32cube.ide.mcu.externaltools.gnu-tools-for-stm32.13.3.rel1.linux64_1.0.0.202410170706/tools/bin/../lib/gcc/arm-none-eabi/13.3.1/../../../../arm-none-eabi/lib/thumb/v7e-m/nofp/libc_nano.a(libc_a-memset.o)
                              /opt/st/stm32cubeide_1.19.0/plugins/com.st.stm32cube.ide.mcu.externaltools.gnu-tools-for-stm32.13.3.rel1.linux64_1.0.0.202410170706/tools/bin/../lib/gcc/arm-none-eabi/13.3.1/../../../../arm-none-eabi/lib/thumb/v7e-m/nofp/crt0.o (memset)
/opt/st/stm32cubeide_1.19.0/plugins/com.st.stm32cube.ide.mcu.externaltools.gnu-tools-for-stm32.13.3.rel1.linux64_1.0.0.202410170706/tools/bin/../lib/gcc/arm-none-eabi/13.3.1/../../../../arm-none-eabi/lib/thumb/v7e-m/nofp/libc_nano.a(libc_a-closer.o)
                              /opt/st/stm32cubeide_1.19.0/plugins/com.st.stm32cube.ide.mcu.externaltools.gnu-tools-for-stm32.13.3.rel1.linux64_1.0.0.202410170706/tools/bin/../lib/gcc/arm-none-eabi/13.3.1/../../../../arm-none-eabi/lib/thumb/v7e-m/nofp/libc_nano.a(libc_a-stdio.o) (_close_r)
/opt/st/stm32cubeide_1.19.0/plugins/com.st.stm32cube.ide.mcu.externaltools.gnu-tools-for-stm32.13.3.rel1.linux64_1.0.0.202410170706/tools/bin/../lib/gcc/arm-none-eabi/13.3.1/../../../../arm-none-eabi/lib/thumb/v7e-m/nofp/libc_nano.a(libc_a-reent.o)
                              /opt/st/stm32cubeide_1.19.0/plugins/com.st.stm32cube.ide.mcu.externaltools.gnu-tools-for-stm32.13.3.rel1.linux64_1.0.0.202410170706/tools/bin/../lib/gcc/arm-none-eabi/13.3.1/../../../../arm-none-eabi/lib/thumb/v7e-m/nofp/libc_nano.a(libc_a-closer.o) (errno)
/opt/st/stm32cubeide_1.19.0/plugins/com.st.stm32cube.ide.mcu.externaltools.gnu-tools-for-stm32.13.3.rel1.linux64_1.0.0.202410170706/tools/bin/../lib/gcc/arm-none-eabi/13.3.1/../../../../arm-none-eabi/lib/thumb/v7e-m/nofp/libc_nano.a(libc_a-impure.o)
                              /opt/st/stm32cubeide_1.19.0/plugins/com.st.stm32cube.ide.mcu.externaltools.gnu-tools-for-stm32.13.3.rel1.linux64_1.0.0.202410170706/tools/bin/../lib/gcc/arm-none-eabi/13.3.1/../../../../arm-none-eabi/lib/thumb/v7e-m/nofp/libc_nano.a(libc_a-reent.o) (_impure_ptr)
/opt/st/stm32cubeide_1.19.0/plugins/com.st.stm32cube.ide.mcu.externaltools.gnu-tools-for-stm32.13.3.rel1.linux64_1.0.0.202410170706/tools/bin/../lib/gcc/arm-none-eabi/13.3.1/../../../../arm-none-eabi/lib/thumb/v7e-m/nofp/libc_nano.a(libc_a-lseekr.o)
                              /opt/st/stm32cubeide_1.19.0/plugins/com.st.stm32cube.ide.mcu.externaltools.gnu-tools-for-stm32.13.3.rel1.linux64_1.0.0.202410170706/tools/bin/../lib/gcc/arm-none-eabi/13.3.1/../../../../arm-none-eabi/lib/thumb/v7e-m/nofp/libc_nano.a(libc_a-stdio.o) (_lseek_r)
[...]
Memory Configuration

Name             Origin             Length             Attributes
RAM              0x20000000         0x00020000         xrw
FLASH            0x08000000         0x00080000         xr
*default*        0x00000000         0xffffffff

Linker script and memory map

LOAD /opt/st/stm32cubeide_1.19.0/plugins/com.st.stm32cube.ide.mcu.externaltools.gnu-tools-for-stm32.13.3.rel1.linux64_1.0.0.202410170706/tools/bin/../lib/gcc/arm-none-eabi/13.3.1/thumb/v7e-m/nofp/crti.o
LOAD /opt/st/stm32cubeide_1.19.0/plugins/com.st.stm32cube.ide.mcu.externaltools.gnu-tools-for-stm32.13.3.rel1.linux64_1.0.0.202410170706/tools/bin/../lib/gcc/arm-none-eabi/13.3.1/thumb/v7e-m/nofp/crtbegin.o
LOAD /opt/st/stm32cubeide_1.19.0/plugins/com.st.stm32cube.ide.mcu.externaltools.gnu-tools-for-stm32.13.3.rel1.linux64_1.0.0.202410170706/tools/bin/../lib/gcc/arm-none-eabi/13.3.1/../../../../arm-none-eabi/lib/thumb/v7e-m/nofp/crt0.o
LOAD ./Src/i2c_loopback.o
LOAD ./Src/syscalls.o
LOAD ./Src/sysmem.o
LOAD ./Startup/startup_stm32f446retx.o
LOAD ./drivers/src_d/stm32f44xx_USART_driver.o
LOAD ./drivers/src_d/stm32f44xx_gpio_driver.o
LOAD ./drivers/src_d/stm32f44xx_i2c_driver.o
LOAD ./drivers/src_d/stm32f44xx_rcc_driver.o
LOAD ./drivers/src_d/stm32f44xx_spi_driver.o
START GROUP
LOAD /opt/st/stm32cubeide_1.19.0/plugins/com.st.stm32cube.ide.mcu.externaltools.gnu-tools-for-stm32.13.3.rel1.linux64_1.0.0.202410170706/tools/bin/../lib/gcc/arm-none-eabi/13.3.1/../../../../arm-none-eabi/lib/thumb/v7e-m/nofp/libc_nano.a
LOAD /opt/st/stm32cubeide_1.19.0/plugins/com.st.stm32cube.ide.mcu.externaltools.gnu-tools-for-stm32.13.3.rel1.linux64_1.0.0.202410170706/tools/bin/../lib/gcc/arm-none-eabi/13.3.1/../../../../arm-none-eabi/lib/thumb/v7e-m/nofp/libm.a
END GROUP
START GROUP
LOAD /opt/st/stm32cubeide_1.19.0/plugins/com.st.stm32cube.ide.mcu.externaltools.gnu-tools-for-stm32.13.3.rel1.linux64_1.0.0.202410170706/tools/bin/../lib/gcc/arm-none-eabi/13.3.1/thumb/v7e-m/nofp/libgcc.a
LOAD /opt/st/stm32cubeide_1.19.0/plugins/com.st.stm32cube.ide.mcu.externaltools.gnu-tools-for-stm32.13.3.rel1.linux64_1.0.0.202410170706/tools/bin/../lib/gcc/arm-none-eabi/13.3.1/../../../../arm-none-eabi/lib/thumb/v7e-m/nofp/libc_nano.a
END GROUP
START GROUP
LOAD /opt/st/stm32cubeide_1.19.0/plugins/com.st.stm32cube.ide.mcu.externaltools.gnu-tools-for-stm32.13.3.rel1.linux64_1.0.0.202410170706/tools/bin/../lib/gcc/arm-none-eabi/13.3.1/thumb/v7e-m/nofp/libgcc.a
LOAD /opt/st/stm32cubeide_1.19.0/plugins/com.st.stm32cube.ide.mcu.externaltools.gnu-tools-for-stm32.13.3.rel1.linux64_1.0.0.202410170706/tools/bin/../lib/gcc/arm-none-eabi/13.3.1/../../../../arm-none-eabi/lib/thumb/v7e-m/nofp/libc_nano.a
LOAD /opt/st/stm32cubeide_1.19.0/plugins/com.st.stm32cube.ide.mcu.externaltools.gnu-tools-for-stm32.13.3.rel1.linux64_1.0.0.202410170706/tools/bin/../lib/gcc/arm-none-eabi/13.3.1/../../../../arm-none-eabi/lib/thumb/v7e-m/nofp/libnosys.a
END GROUP
START GROUP
LOAD /opt/st/stm32cubeide_1.19.0/plugins/com.st.stm32cube.ide.mcu.externaltools.gnu-tools-for-stm32.13.3.rel1.linux64_1.0.0.202410170706/tools/bin/../lib/gcc/arm-none-eabi/13.3.1/thumb/v7e-m/nofp/libgcc.a
LOAD /opt/st/stm32cubeide_1.19.0/plugins/com.st.stm32cube.ide.mcu.externaltools.gnu-tools-for-stm32.13.3.rel1.linux64_1.0.0.202410170706/tools/bin/../lib/gcc/arm-none-eabi/13.3.1/../../../../arm-none-eabi/lib/thumb/v7e-m/nofp/libc_nano.a
LOAD /opt/st/stm32cubeide_1.19.0/plugins/com.st.stm32cube.ide.mcu.externaltools.gnu-tools-for-stm32.13.3.rel1.linux64_1.0.0.202410170706/tools/bin/../lib/gcc/arm-none-eabi/13.3.1/../../../../arm-none-eabi/lib/thumb/v7e-m/nofp/libnosys.a
END GROUP
LOAD /opt/st/stm32cubeide_1.19.0/plugins/com.st.stm32cube.ide.mcu.externaltools.gnu-tools-for-stm32.13.3.rel1.linux64_1.0.0.202410170706/tools/bin/../lib/gcc/arm-none-eabi/13.3.1/thumb/v7e-m/nofp/crtend.o
LOAD /opt/st/stm32cubeide_1.19.0/plugins/com.st.stm32cube.ide.mcu.externaltools.gnu-tools-for-stm32.13.3.rel1.linux64_1.0.0.202410170706/tools/bin/../lib/gcc/arm-none-eabi/13.3.1/thumb/v7e-m/nofp/crtn.o
                0x20020000                        _estack = (ORIGIN (RAM) + LENGTH (RAM))
                0x00000200                        _Min_Heap_Size = 0x200
                0x00000400                        _Min_Stack_Size = 0x400

.isr_vector     0x08000000      0x1c4
                0x08000000                        . = ALIGN (0x4)
 *(.isr_vector)
 .isr_vector    0x08000000      0x1c4 ./Startup/startup_stm32f446retx.o
                0x08000000                g_pfnVectors
                0x080001c4                        . = ALIGN (0x4)

.text           0x080001c4     0x1478
                0x080001c4                        . = ALIGN (0x4)
 *(.text)
 .text          0x080001c4       0x40 /opt/st/stm32cubeide_1.19.0/plugins/com.st.stm32cube.ide.mcu.externaltools.gnu-tools-for-stm32.13.3.rel1.linux64_1.0.0.202410170706/tools/bin/../lib/gcc/arm-none-eabi/13.3.1/thumb/v7e-m/nofp/crtbegin.o
 .text          0x08000204       0x10 /opt/st/stm32cubeide_1.19.0/plugins/com.st.stm32cube.ide.mcu.externaltools.gnu-tools-for-stm32.13.3.rel1.linux64_1.0.0.202410170706/tools/bin/../lib/gcc/arm-none-eabi/13.3.1/../../../../arm-none-eabi/lib/thumb/v7e-m/nofp/libc_nano.a(libc_a-strlen.o)
                0x08000204                strlen
 *(.text*)
 .text.I2C1_GPIOInits
                0x08000214       0x4c ./Src/i2c_loopback.o
                0x08000214                I2C1_GPIOInits
 .text.I2C1_Inits
                0x08000260       0x38 ./Src/i2c_loopback.o
                0x08000260                I2C1_Inits
 .text.GPIO_I2C2Inits
                0x08000298       0x4c ./Src/i2c_loopback.o
                0x08000298                GPIO_I2C2Inits
 .text.I2C2_Inits
                0x080002e4       0x38 ./Src/i2c_loopback.o
                0x080002e4                I2C2_Inits
 .text.GPIO_LedInit
                0x0800031c       0x3c ./Src/i2c_loopback.o
                0x0800031c                GPIO_LedInit
 .text.main     0x08000358       0xec ./Src/i2c_loopback.o
                0x08000358                main
 .text.I2C1_EV_IRQHandler
                0x08000444       0x14 ./Src/i2c_loopback.o
                0x08000444                I2C1_EV_IRQHandler
 .text.I2C2_EV_IRQHandler
                0x08000458       0x14 ./Src/i2c_loopback.o
                0x08000458                I2C2_EV_IRQHandler
 .text.I2C1_ER_IRQHandler
                0x0800046c       0x14 ./Src/i2c_loopback.o
                0x0800046c                I2C1_ER_IRQHandler
 .text.I2C2_ER_IRQHandler
                0x08000480       0x14 ./Src/i2c_loopback.o
                0x08000480                I2C2_ER_IRQHandler
 .text.I2C_ApplicationEventCallback
                0x08000494       0xc0 ./Src/i2c_loopback.o
                0x08000494                I2C_ApplicationEventCallback
 .text.Reset_Handler
                0x08000554       0x50 ./Startup/startup_stm32f446retx.o
                0x08000554                Reset_Handler
 .text.Default_Handler
                0x080005a4        0x2 ./Startup/startup_stm32f446retx.o
                0x080005a4                RTC_Alarm_IRQHandler
                0x080005a4                EXTI2_IRQHandler
                0x080005a4                TIM8_CC_IRQHandler
                0x080005a4                SPDIF_Rx_IRQHandler
                0x080005a4                DebugMon_Handler
                0x080005a4                SPI4_IRQHandler
                0x080005a4                TIM1_CC_IRQHandler
                0x080005a4                QuadSPI_IRQHandler
                0x080005a4                DMA2_Stream5_IRQHandler
                0x080005a4                HardFault_Handler
                0x080005a4                DMA1_Stream5_IRQHandler
                0x080005a4                SysTick_Handler
                0x080005a4                PVD_IRQHandler
                0x080005a4                SDIO_IRQHandler
                0x080005a4                TAMP_STAMP_IRQHandler
                0x080005a4                PendSV_Handler
                0x080005a4                NMI_Handler
                0x080005a4                CAN2_RX1_IRQHandler
                0x080005a4                EXTI3_IRQHandler
                0x080005a4                TIM8_TRG_COM_TIM14_IRQHandler
                0x080005a4                TIM1_UP_TIM10_IRQHandler
                0x080005a4                FMPI2C1_error_IRQHandler
                0x080005a4                TIM8_UP_TIM13_IRQHandler
                0x080005a4                I2C3_ER_IRQHandler
                0x080005a4                EXTI0_IRQHandler
                0x080005a4                DMA1_Stream2_IRQHandler
                0x080005a4                CAN1_RX0_IRQHandler
                0x080005a4                OTG_HS_WKUP_IRQHandler
                0x080005a4                UsageFault_Handler
                0x080005a4                CAN2_SCE_IRQHandler
                0x080005a4                DMA2_Stream2_IRQHandler
                0x080005a4                SPI1_IRQHandler
                0x080005a4                TIM6_DAC_IRQHandler
                0x080005a4                TIM1_BRK_TIM9_IRQHandler
                0x080005a4                DCMI_IRQHandler
                0x080005a4                CAN2_RX0_IRQHandler
                0x080005a4                DMA2_Stream3_IRQHandler
                0x080005a4                FMPI2C1_IRQHandler
                0x080005a4                SAI2_IRQHandler
                0x080005a4                USART6_IRQHandler
                0x080005a4                USART3_IRQHandler
                0x080005a4                CAN1_RX1_IRQHandler
                0x080005a4                UART5_IRQHandler
                0x080005a4                DMA2_Stream0_IRQHandler
                0x080005a4                TIM4_IRQHandler
                0x080005a4                HDMI_CEC_IRQHandler
                0x080005a4                DMA1_Stream6_IRQHandler
                0x080005a4                DMA1_Stream1_IRQHandler
                0x080005a4                UART4_IRQHandler
                0x080005a4                TIM3_IRQHandler
                0x080005a4                RCC_IRQHandler
                0x080005a4                TIM8_BRK_TIM12_IRQHandler
                0x080005a4                Default_Handler
                0x080005a4                EXTI15_10_IRQHandler
                0x080005a4                ADC_IRQHandler
                0x080005a4                DMA1_Stream7_IRQHandler
                0x080005a4                TIM7_IRQHandler
                0x080005a4                CAN2_TX_IRQHandler
                0x080005a4                TIM5_IRQHandler
                0x080005a4                DMA2_Stream7_IRQHandler
                0x080005a4                I2C3_EV_IRQHandler
                0x080005a4                EXTI9_5_IRQHandler
                0x080005a4                RTC_WKUP_IRQHandler
                0x080005a4                SPI2_IRQHandler
                0x080005a4                OTG_HS_EP1_IN_IRQHandler
                0x080005a4                MemManage_Handler
                0x080005a4                DMA1_Stream0_IRQHandler
                0x080005a4                CAN1_TX_IRQHandler
                0x080005a4                SVC_Handler
                0x080005a4                EXTI4_IRQHandler
                0x080005a4                OTG_HS_EP1_OUT_IRQHandler
                0x080005a4                WWDG_IRQHandler
                0x080005a4                TIM2_IRQHandler
                0x080005a4                OTG_FS_WKUP_IRQHandler
                0x080005a4                TIM1_TRG_COM_TIM11_IRQHandler
                0x080005a4                OTG_HS_IRQHandler
                0x080005a4                EXTI1_IRQHandler
                0x080005a4                USART2_IRQHandler
                0x080005a4                DMA2_Stream1_IRQHandler
                0x080005a4                CAN1_SCE_IRQHandler
                0x080005a4                FLASH_IRQHandler
                0x080005a4                DMA2_Stream4_IRQHandler
                0x080005a4                BusFault_Handler
                0x080005a4                USART1_IRQHandler
                0x080005a4                OTG_FS_IRQHandler
                0x080005a4                SPI3_IRQHandler
                0x080005a4                DMA1_Stream4_IRQHandler
                0x080005a4                FMC_IRQHandler
                0x080005a4                DMA2_Stream6_IRQHandler
                0x080005a4                SAI1_IRQHandler
                0x080005a4                DMA1_Stream3_IRQHandler
 *fill*         0x080005a6        0x2 
 .text.GPIO_Init
                0x080005a8      0x334 ./drivers/src_d/stm32f44xx_gpio_driver.o
                0x080005a8                GPIO_Init
 .text.GPIO_PeriClkCtrl
                0x080008dc      0x1a0 ./drivers/src_d/stm32f44xx_gpio_driver.o
                0x080008dc                GPIO_PeriClkCtrl
 .text.GPIO_ToggleOutputPin
                0x08000a7c       0x28 ./drivers/src_d/stm32f44xx_gpio_driver.o
                0x08000a7c                GPIO_ToggleOutputPin
 .text.I2C_ExecuteAddressPhaseWrite
                0x08000aa4       0x2a ./drivers/src_d/stm32f44xx_i2c_driver.o
 .text.I2C_ExecuteAddressPhaseRead
                0x08000ace       0x2a ./drivers/src_d/stm32f44xx_i2c_driver.o
 .text.I2C_GenerateStartCondition
                0x08000af8       0x1e ./drivers/src_d/stm32f44xx_i2c_driver.o
 .text.I2C_ClearADDRFlag
                0x08000b16       0x7c ./drivers/src_d/stm32f44xx_i2c_driver.o
 .text.I2C_GenerateStopCondition
                0x08000b92       0x1e ./drivers/src_d/stm32f44xx_i2c_driver.o
 .text.I2C_SlaveEnableDisableCallbackEvents
                0x08000bb0       0x66 ./drivers/src_d/stm32f44xx_i2c_driver.o
                0x08000bb0                I2C_SlaveEnableDisableCallbackEvents
 *fill*         0x08000c16        0x2 
 .text.I2C_PeriClkCtrl
                0x08000c18       0xb0 ./drivers/src_d/stm32f44xx_i2c_driver.o
                0x08000c18                I2C_PeriClkCtrl
 .text.I2C_Init
                0x08000cc8      0x164 ./drivers/src_d/stm32f44xx_i2c_driver.o
                0x08000cc8                I2C_Init
 .text.I2C_ManageAcking
                0x08000e2c       0x36 ./drivers/src_d/stm32f44xx_i2c_driver.o
                0x08000e2c                I2C_ManageAcking
 .text.I2C_MasterSendDataIT
                0x08000e62       0x84 ./drivers/src_d/stm32f44xx_i2c_driver.o
                0x08000e62                I2C_MasterSendDataIT
 .text.I2C_MasterReceiveDataIT
                0x08000ee6       0x8c ./drivers/src_d/stm32f44xx_i2c_driver.o
                0x08000ee6                I2C_MasterReceiveDataIT
 *fill*         0x08000f72        0x2 
 .text.I2C_IRQInterruptConfig
                0x08000f74      0x108 ./drivers/src_d/stm32f44xx_i2c_driver.o
                0x08000f74                I2C_IRQInterruptConfig
 .text.I2C_CloseReceiveData
                0x0800107c       0x5c ./drivers/src_d/stm32f44xx_i2c_driver.o
                0x0800107c                I2C_CloseReceiveData
 .text.I2C_CloseSendData
                0x080010d8       0x3e ./drivers/src_d/stm32f44xx_i2c_driver.o
                0x080010d8                I2C_CloseSendData
 .text.I2C_MasterHandleTXEInterrupt
                0x08001116       0x3a ./drivers/src_d/stm32f44xx_i2c_driver.o
 .text.I2C_SlaveSendData
                0x08001150       0x1c ./drivers/src_d/stm32f44xx_i2c_driver.o
                0x08001150                I2C_SlaveSendData
 .text.I2C_SlaveReceiveData
                0x0800116c       0x18 ./drivers/src_d/stm32f44xx_i2c_driver.o
                0x0800116c                I2C_SlaveReceiveData
 .text.I2C_MasterHandleRXNEInterrupt
                0x08001184       0x96 ./drivers/src_d/stm32f44xx_i2c_driver.o
 .text.I2C_EV_IRQHandling
                0x0800121a      0x1b6 ./drivers/src_d/stm32f44xx_i2c_driver.o
                0x0800121a                I2C_EV_IRQHandling
 .text.I2C_ER_IRQHandling
                0x080013d0      0x10c ./drivers/src_d/stm32f44xx_i2c_driver.o
                0x080013d0                I2C_ER_IRQHandling
 .text.I2C_PeripheralControl
                0x080014dc       0x3c ./drivers/src_d/stm32f44xx_i2c_driver.o
                0x080014dc                I2C_PeripheralControl
 .text.RCC_GetPLLOutputClock
                0x08001518        0xe ./drivers/src_d/stm32f44xx_rcc_driver.o
                0x08001518                RCC_GetPLLOutputClock
 *fill*         0x08001526        0x2 
 .text.RCC_GetPCLK1Value
                0x08001528       0xb4 ./drivers/src_d/stm32f44xx_rcc_driver.o
                0x08001528                RCC_GetPCLK1Value
 .text.__libc_init_array
                0x080015dc       0x48 /opt/st/stm32cubeide_1.19.0/plugins/com.st.stm32cube.ide.mcu.externaltools.gnu-tools-for-stm32.13.3.rel1.linux64_1.0.0.202410170706/tools/bin/../lib/gcc/arm-none-eabi/13.3.1/../../../../arm-none-eabi/lib/thumb/v7e-m/nofp/libc_nano.a(libc_a-init.o)
                0x080015dc                __libc_init_array
 *(.glue_7)
 .glue_7        0x08001624        0x0 linker stubs
 *(.glue_7t)
 .glue_7t       0x08001624        0x0 linker stubs
 *(.eh_frame)
 .eh_frame      0x08001624        0x0 /opt/st/stm32cubeide_1.19.0/plugins/com.st.stm32cube.ide.mcu.externaltools.gnu-tools-for-stm32.13.3.rel1.linux64_1.0.0.202410170706/tools/bin/../lib/gcc/arm-none-eabi/13.3.1/thumb/v7e-m/nofp/crtbegin.o
 *(.init)
 .init          0x08001624        0x4 /opt/st/stm32cubeide_1.19.0/plugins/com.st.stm32cube.ide.mcu.externaltools.gnu-tools-for-stm32.13.3.rel1.linux64_1.0.0.202410170706/tools/bin/../lib/gcc/arm-none-eabi/13.3.1/thumb/v7e-m/nofp/crti.o
                0x08001624                _init
 .init          0x08001628        0x8 /opt/st/stm32cubeide_1.19.0/plugins/com.st.stm32cube.ide.mcu.externaltools.gnu-tools-for-stm32.13.3.rel1.linux64_1.0.0.202410170706/tools/bin/../lib/gcc/arm-none-eabi/13.3.1/thumb/v7e-m/nofp/crtn.o
 *(.fini)
 .fini          0x08001630        0x4 /opt/st/stm32cubeide_1.19.0/plugins/com.st.stm32cube.ide.mcu.externaltools.gnu-tools-for-stm32.13.3.rel1.linux64_1.0.0.202410170706/tools/bin/../lib/gcc/arm-none-eabi/13.3.1/thumb/v7e-m/nofp/crti.o
                0x08001630                _fini
 .fini          0x08001634        0x8 /opt/st/stm32cubeide_1.19.0/plugins/com.st.stm32cube.ide.mcu.externaltools.gnu-tools-for-stm32.13.3.rel1.linux64_1.0.0.202410170706/tools/bin/../lib/gcc/arm-none-eabi/13.3.1/thumb/v7e-m/nofp/crtn.o
                0x0800163c                        . = ALIGN (0x4)
                0x0800163c                        _etext = .

.vfp11_veneer   0x0800163c        0x0
 .vfp11_veneer  0x0800163c        0x0 linker stubs

.v4_bx          0x0800163c        0x0
 .v4_bx         0x0800163c        0x0 linker stubs

.iplt           0x0800163c        0x0
 .iplt          0x0800163c        0x0 /opt/st/stm32cubeide_1.19.0/plugins/com.st.stm32cube.ide.mcu.externaltools.gnu-tools-for-stm32.13.3.rel1.linux64_1.0.0.202410170706/tools/bin/../lib/gcc/arm-none-eabi/13.3.1/thumb/v7e-m/nofp/crtbegin.o

.rodata         0x0800163c        0x0
                0x0800163c                        . = ALIGN (0x4)
 *(.rodata)
 *(.rodata*)
                0x0800163c                        . = ALIGN (0x4)

.ARM.extab      0x0800163c        0x0
                0x0800163c                        . = ALIGN (0x4)
 *(.ARM.extab* .gnu.linkonce.armextab.*)
                0x0800163c                        . = ALIGN (0x4)

.ARM            0x0800163c        0x8
                0x0800163c                        . = ALIGN (0x4)
                0x0800163c                        __exidx_start = .
 *(.ARM.exidx*)
 .ARM.exidx     0x0800163c        0x8 /opt/st/stm32cubeide_1.19.0/plugins/com.st.stm32cube.ide.mcu.externaltools.gnu-tools-for-stm32.13.3.rel1.linux64_1.0.0.202410170706/tools/bin/../lib/gcc/arm-none-eabi/13.3.1/../../../../arm-none-eabi/lib/thumb/v7e-m/nofp/libc_nano.a(libc_a-strlen.o)
                0x08001644                        __exidx_end = .
                0x08001644                        . = ALIGN (0x4)

.preinit_array  0x08001644        0x0
                0x08001644                        . = ALIGN (0x4)
                0x08001644                        PROVIDE (__preinit_array_start = .)
 *(.preinit_array*)
                0x08001644                        PROVIDE (__preinit_array_end = .)
                0x08001644                        . = ALIGN (0x4)

.init_array     0x08001644        0x4
                0x08001644                        . = ALIGN (0x4)
                0x08001644                        PROVIDE (__init_array_start = .)
 *(SORT_BY_NAME(.init_array.*))
 *(.init_array*)
 .init_array    0x08001644        0x4 /opt/st/stm32cubeide_1.19.0/plugins/com.st.stm32cube.ide.mcu.externaltools.gnu-tools-for-stm32.13.3.rel1.linux64_1.0.0.202410170706/tools/bin/../lib/gcc/arm-none-eabi/13.3.1/thumb/v7e-m/nofp/crtbegin.o
                0x08001648                        PROVIDE (__init_array_end = .)
                0x08001648                        . = ALIGN (0x4)

.fini_array     0x08001648        0x4
                0x08001648                        . = ALIGN (0x4)
                [!provide]                        PROVIDE (__fini_array_start = .)
 *(SORT_BY_NAME(.fini_array.*))
 *(.fini_array*)
 .fini_array    0x08001648        0x4 /opt/st/stm32cubeide_1.19.0/plugins/com.st.stm32cube.ide.mcu.externaltools.gnu-tools-for-stm32.13.3.rel1.linux64_1.0.0.202410170706/tools/bin/../lib/gcc/arm-none-eabi/13.3.1/thumb/v7e-m/nofp/crtbegin.o
                [!provide]                        PROVIDE (__fini_array_end = .)
                0x0800164c                        . = ALIGN (0x4)
                0x0800164c                        _sidata = LOADADDR (.data)

.rel.dyn        0x0800164c        0x0
 .rel.iplt      0x0800164c        0x0 /opt/st/stm32cubeide_1.19.0/plugins/com.st.stm32cube.ide.mcu.externaltools.gnu-tools-for-stm32.13.3.rel1.linux64_1.0.0.202410170706/tools/bin/../lib/gcc/arm-none-eabi/13.3.1/thumb/v7e-m/nofp/crtbegin.o

.data           0x20000000       0x30 load address 0x0800164c
                0x20000000                        . = ALIGN (0x4)
                0x20000000                        _sdata = .
 *(.data)
 *(.data*)
 .data.send_data
                0x20000000        0x1 ./Src/i2c_loopback.o
                0x20000000                send_data
 .data.send_data2
                0x20000001        0x1 ./Src/i2c_loopback.o
                0x20000001                send_data2
 *fill*         0x20000002        0x2 
 .data.Tx_buf   0x20000004       0x13 ./Src/i2c_loopback.o
                0x20000004                Tx_buf
 *fill*         0x20000017        0x1 
 .data.AHB_PreScaler
                0x20000018       0x10 ./drivers/src_d/stm32f44xx_rcc_driver.o
                0x20000018                AHB_PreScaler
 .data.APB1_PreScaler
                0x20000028        0x8 ./drivers/src_d/stm32f44xx_rcc_driver.o
                0x20000028                APB1_PreScaler
 *(.RamFunc)
 *(.RamFunc*)
                0x20000030                        . = ALIGN (0x4)
                0x20000030                        _edata = .

.igot.plt       0x20000030        0x0 load address 0x0800167c
 .igot.plt      0x20000030        0x0 /opt/st/stm32cubeide_1.19.0/plugins/com.st.stm32cube.ide.mcu.externaltools.gnu-tools-for-stm32.13.3.rel1.linux64_1.0.0.202410170706/tools/bin/../lib/gcc/arm-none-eabi/13.3.1/thumb/v7e-m/nofp/crtbegin.o
                0x20000030                        . = ALIGN (0x4)

.bss            0x20000030       0xa8 load address 0x0800167c
                0x20000030                        _sbss = .
                0x20000030                        __bss_start__ = _sbss
 *(.bss)
 .bss           0x20000030       0x1c /opt/st/stm32cubeide_1.19.0/plugins/com.st.stm32cube.ide.mcu.externaltools.gnu-tools-for-stm32.13.3.rel1.linux64_1.0.0.202410170706/tools/bin/../lib/gcc/arm-none-eabi/13.3.1/thumb/v7e-m/nofp/crtbegin.o
 *(.bss*)
 .bss.I2C1Pins  0x2000004c        0xc ./Src/i2c_loopback.o
                0x2000004c                I2C1Pins
 .bss.I2C1handle
                0x20000058       0x20 ./Src/i2c_loopback.o
                0x20000058                I2C1handle
 .bss.I2C2Pins  0x20000078        0xc ./Src/i2c_loopback.o
                0x20000078                I2C2Pins
 .bss.I2C2handle
                0x20000084       0x20 ./Src/i2c_loopback.o
                0x20000084                I2C2handle
 .bss.GpioLed   0x200000a4        0xc ./Src/i2c_loopback.o
                0x200000a4                GpioLed
 .bss.rx_compi2c
                0x200000b0        0x1 ./Src/i2c_loopback.o
                0x200000b0                rx_compi2c
 .bss.MstBufLen
                0x200000b1        0x1 ./Src/i2c_loopback.o
                0x200000b1                MstBufLen
 *fill*         0x200000b2        0x2 
 .bss.MstBuf    0x200000b4       0x20 ./Src/i2c_loopback.o
                0x200000b4                MstBuf
 .bss.rx_buf    0x200000d4        0x1 ./Src/i2c_loopback.o
                0x200000d4                rx_buf
 .bss.Cnt       0x200000d5        0x1 ./Src/i2c_loopback.o
                0x200000d5                Cnt
 *(COMMON)
                0x200000d8                        . = ALIGN (0x4)
 *fill*         0x200000d6        0x2 
                0x200000d8                        _ebss = .
                0x200000d8                        __bss_end__ = _ebss

._user_heap_stack
                0x200000d8      0x600 load address 0x0800167c
                0x200000d8                        . = ALIGN (0x8)
                [!provide]                        PROVIDE (end = .)
                0x200000d8                        PROVIDE (_end = .)
                0x200002d8                        . = (. + _Min_Heap_Size)
 *fill*         0x200000d8      0x200 
                0x200006d8                        . = (. + _Min_Stack_Size)
 *fill*         0x200002d8      0x400 
                0x200006d8                        . = ALIGN (0x8)

/DISCARD/
 libc.a(*)
 libm.a(*)
 libgcc.a(*)

.ARM.attributes
                0x00000000       0x2a
 *(.ARM.attributes)
 .ARM.attributes
                0x00000000       0x1e /opt/st/stm32cubeide_1.19.0/plugins/com.st.stm32cube.ide.mcu.externaltools.gnu-tools-for-stm32.13.3.rel1.linux64_1.0.0.202410170706/tools/bin/../lib/gcc/arm-none-eabi/13.3.1/thumb/v7e-m/nofp/crti.o
 .ARM.attributes
                0x0000001e       0x2e /opt/st/stm32cubeide_1.19.0/plugins/com.st.stm32cube.ide.mcu.externaltools.gnu-tools-for-stm32.13.3.rel1.linux64_1.0.0.202410170706/tools/bin/../lib/gcc/arm-none-eabi/13.3.1/thumb/v7e-m/nofp/crtbegin.o
 .ARM.attributes
                0x0000004c       0x2e ./Src/i2c_loopback.o
 .ARM.attributes
                0x0000007a       0x21 ./Startup/startup_stm32f446retx.o
 .ARM.attributes
                0x0000009b       0x2e ./drivers/src_d/stm32f44xx_gpio_driver.o
 .ARM.attributes
                0x000000c9       0x2e ./drivers/src_d/stm32f44xx_i2c_driver.o
 .ARM.attributes
                0x000000f7       0x2e ./drivers/src_d/stm32f44xx_rcc_driver.o
 .ARM.attributes
                0x00000125       0x2e /opt/st/stm32cubeide_1.19.0/plugins/com.st.stm32cube.ide.mcu.externaltools.gnu-tools-for-stm32.13.3.rel1.linux64_1.0.0.202410170706/tools/bin/../lib/gcc/arm-none-eabi/13.3.1/../../../../arm-none-eabi/lib/thumb/v7e-m/nofp/libc_nano.a(libc_a-init.o)
 .ARM.attributes
                0x00000153       0x17 /opt/st/stm32cubeide_1.19.0/plugins/com.st.stm32cube.ide.mcu.externaltools.gnu-tools-for-stm32.13.3.rel1.linux64_1.0.0.202410170706/tools/bin/../lib/gcc/arm-none-eabi/13.3.1/../../../../arm-none-eabi/lib/thumb/v7e-m/nofp/libc_nano.a(libc_a-strlen.o)
 .ARM.attributes
                0x0000016a       0x1e /opt/st/stm32cubeide_1.19.0/plugins/com.st.stm32cube.ide.mcu.externaltools.gnu-tools-for-stm32.13.3.rel1.linux64_1.0.0.202410170706/tools/bin/../lib/gcc/arm-none-eabi/13.3.1/thumb/v7e-m/nofp/crtn.o
OUTPUT(stm32f44xx_drivers.elf elf32-littlearm)
LOAD linker stubs
LOAD /opt/st/stm32cubeide_1.19.0/plugins/com.st.stm32cube.ide.mcu.externaltools.gnu-tools-for-stm32.13.3.rel1.linux64_1.0.0.202410170706/tools/bin/../lib/gcc/arm-none-eabi/13.3.1/../../../../arm-none-eabi/lib/thumb/v7e-m/nofp/libc.a
LOAD /opt/st/stm32cubeide_1.19.0/plugins/com.st.stm32cube.ide.mcu.externaltools.gnu-tools-for-stm32.13.3.rel1.linux64_1.0.0.202410170706/tools/bin/../lib/gcc/arm-none-eabi/13.3.1/../../../../arm-none-eabi/lib/thumb/v7e-m/nofp/libm.a
LOAD /opt/st/stm32cubeide_1.19.0/plugins/com.st.stm32cube.ide.mcu.externaltools.gnu-tools-for-stm32.13.3.rel1.linux64_1.0.0.202410170706/tools/bin/../lib/gcc/arm-none-eabi/13.3.1/thumb/v7e-m/nofp/libgcc.a

.debug_info     0x00000000     0x1cc9
 .debug_info    0x00000000      0x701 ./Src/i2c_loopback.o
 .debug_info    0x00000701       0x30 ./Startup/startup_stm32f446retx.o
 .debug_info    0x00000731      0x783 ./drivers/src_d/stm32f44xx_gpio_driver.o
 .debug_info    0x00000eb4      0xa69 ./drivers/src_d/stm32f44xx_i2c_driver.o
 .debug_info    0x0000191d      0x3ac ./drivers/src_d/stm32f44xx_rcc_driver.o

.debug_abbrev   0x00000000      0x66b
 .debug_abbrev  0x00000000      0x187 ./Src/i2c_loopback.o
 .debug_abbrev  0x00000187       0x24 ./Startup/startup_stm32f446retx.o
 .debug_abbrev  0x000001ab      0x161 ./drivers/src_d/stm32f44xx_gpio_driver.o
 .debug_abbrev  0x0000030c      0x277 ./drivers/src_d/stm32f44xx_i2c_driver.o
 .debug_abbrev  0x00000583       0xe8 ./drivers/src_d/stm32f44xx_rcc_driver.o

.debug_aranges  0x00000000      0x228
 .debug_aranges
                0x00000000       0x78 ./Src/i2c_loopback.o
 .debug_aranges
                0x00000078       0x28 ./Startup/startup_stm32f446retx.o
 .debug_aranges
                0x000000a0       0x70 ./drivers/src_d/stm32f44xx_gpio_driver.o
 .debug_aranges
                0x00000110       0xe8 ./drivers/src_d/stm32f44xx_i2c_driver.o
 .debug_aranges
                0x000001f8       0x30 ./drivers/src_d/stm32f44xx_rcc_driver.o

.debug_rnglists
                0x00000000      0x198
 .debug_rnglists
                0x00000000       0x57 ./Src/i2c_loopback.o
 .debug_rnglists
                0x00000057       0x19 ./Startup/startup_stm32f446retx.o
 .debug_rnglists
                0x00000070       0x53 ./drivers/src_d/stm32f44xx_gpio_driver.o
 .debug_rnglists
                0x000000c3       0xb4 ./drivers/src_d/stm32f44xx_i2c_driver.o
 .debug_rnglists
                0x00000177       0x21 ./drivers/src_d/stm32f44xx_rcc_driver.o

.debug_macro    0x00000000     0x2e11
 .debug_macro   0x00000000      0x1c0 ./Src/i2c_loopback.o
 .debug_macro   0x000001c0      0xad8 ./Src/i2c_loopback.o
 .debug_macro   0x00000c98       0x22 ./Src/i2c_loopback.o
 .debug_macro   0x00000cba       0x5b ./Src/i2c_loopback.o
 .debug_macro   0x00000d15       0x24 ./Src/i2c_loopback.o
 .debug_macro   0x00000d39       0x94 ./Src/i2c_loopback.o
 .debug_macro   0x00000dcd       0x43 ./Src/i2c_loopback.o
 .debug_macro   0x00000e10       0x34 ./Src/i2c_loopback.o
 .debug_macro   0x00000e44      0x190 ./Src/i2c_loopback.o
 .debug_macro   0x00000fd4       0x57 ./Src/i2c_loopback.o
 .debug_macro   0x0000102b      0x370 ./Src/i2c_loopback.o
 .debug_macro   0x0000139b       0x16 ./Src/i2c_loopback.o
 .debug_macro   0x000013b1       0x4a ./Src/i2c_loopback.o
 .debug_macro   0x000013fb       0x34 ./Src/i2c_loopback.o
 .debug_macro   0x0000142f       0x10 ./Src/i2c_loopback.o
 .debug_macro   0x0000143f       0x58 ./Src/i2c_loopback.o
 .debug_macro   0x00001497       0x8e ./Src/i2c_loopback.o
 .debug_macro   0x00001525       0x1c ./Src/i2c_loopback.o
 .debug_macro   0x00001541      0x185 ./Src/i2c_loopback.o
 .debug_macro   0x000016c6       0x10 ./Src/i2c_loopback.o
 .debug_macro   0x000016d6       0x3c ./Src/i2c_loopback.o
 .debug_macro   0x00001712       0x20 ./Src/i2c_loopback.o
 .debug_macro   0x00001732      0x103 ./Src/i2c_loopback.o
 .debug_macro   0x00001835       0x6a ./Src/i2c_loopback.o
 .debug_macro   0x0000189f      0x1df ./Src/i2c_loopback.o
 .debug_macro   0x00001a7e       0x1c ./Src/i2c_loopback.o
 .debug_macro   0x00001a9a       0x10 ./Src/i2c_loopback.o
 .debug_macro   0x00001aaa       0x1c ./Src/i2c_loopback.o
 .debug_macro   0x00001ac6       0x16 ./Src/i2c_loopback.o
 .debug_macro   0x00001adc      0x146 ./Src/i2c_loopback.o
 .debug_macro   0x00001c22      0x83d ./Src/i2c_loopback.o
 .debug_macro   0x0000245f       0xc4 ./Src/i2c_loopback.o
 .debug_macro   0x00002523       0xc4 ./Src/i2c_loopback.o
 .debug_macro   0x000025e7       0xd0 ./Src/i2c_loopback.o
 .debug_macro   0x000026b7      0x106 ./Src/i2c_loopback.o
 .debug_macro   0x000027bd      0x19e ./drivers/src_d/stm32f44xx_gpio_driver.o
 .debug_macro   0x0000295b       0xbe ./drivers/src_d/stm32f44xx_gpio_driver.o
 .debug_macro   0x00002a19      0x19a ./drivers/src_d/stm32f44xx_i2c_driver.o
 .debug_macro   0x00002bb3       0xca ./drivers/src_d/stm32f44xx_i2c_driver.o
 .debug_macro   0x00002c7d      0x194 ./drivers/src_d/stm32f44xx_rcc_driver.o

.debug_line     0x00000000     0x2892
 .debug_line    0x00000000      0x7e1 ./Src/i2c_loopback.o
 .debug_line    0x000007e1       0x7b ./Startup/startup_stm32f446retx.o
 .debug_line    0x0000085c      0xaef ./drivers/src_d/stm32f44xx_gpio_driver.o
 .debug_line    0x0000134b      0xeca ./drivers/src_d/stm32f44xx_i2c_driver.o
 .debug_line    0x00002215      0x67d ./drivers/src_d/stm32f44xx_rcc_driver.o

.debug_str      0x00000000     0xafea
 .debug_str     0x00000000     0xafea ./Src/i2c_loopback.o
                               0xaca9 (size before relaxing)
 .debug_str     0x0000afea       0x74 ./Startup/startup_stm32f446retx.o
 .debug_str     0x0000afea     0xabba ./drivers/src_d/stm32f44xx_gpio_driver.o
 .debug_str     0x0000afea     0xad3e ./drivers/src_d/stm32f44xx_i2c_driver.o
 .debug_str     0x0000afea     0xa9fc ./drivers/src_d/stm32f44xx_rcc_driver.o

.comment        0x00000000       0x43
 .comment       0x00000000       0x43 ./Src/i2c_loopback.o
                                 0x44 (size before relaxing)
 .comment       0x00000043       0x44 ./drivers/src_d/stm32f44xx_gpio_driver.o
 .comment       0x00000043       0x44 ./drivers/src_d/stm32f44xx_i2c_driver.o
 .comment       0x00000043       0x44 ./drivers/src_d/stm32f44xx_rcc_driver.o

.debug_frame    0x00000000      0x7e0
 .debug_frame   0x00000000      0x17c ./Src/i2c_loopback.o
 .debug_frame   0x0000017c      0x1c8 ./drivers/src_d/stm32f44xx_gpio_driver.o
 .debug_frame   0x00000344      0x3f8 ./drivers/src_d/stm32f44xx_i2c_driver.o
 .debug_frame   0x0000073c       0x78 ./drivers/src_d/stm32f44xx_rcc_driver.o
 .debug_frame   0x000007b4       0x2c /opt/st/stm32cubeide_1.19.0/plugins/com.st.stm32cube.ide.mcu.externaltools.gnu-tools-for-stm32.13.3.rel1.linux64_1.0.0.202410170706/tools/bin/../lib/gcc/arm-none-eabi/13.3.1/../../../../arm-none-eabi/lib/thumb/v7e-m/nofp/libc_nano.a(libc_a-init.o)

.debug_line_str
                0x00000000       0x58
 .debug_line_str
                0x00000000       0x58 ./Startup/startup_stm32f446retx.o
